<?xml version="1.0" encoding="utf-8" ?>
<result>
	<row>
		<label>MyName2</label>
		<nb_visits>1</nb_visits>
		<level>1</level>
		<Events_EventName>MyName2</Events_EventName>
	</row>
	<row>
		<label>MyName3</label>
		<nb_visits>1</nb_visits>
		<level>1</level>
		<Events_EventName>MyName3</Events_EventName>
	</row>
	<row>
		<label>RenamedEvent1</label>
		<nb_visits>1</nb_visits>
		<level>1</level>
		<Events_EventName>RenamedEvent1</Events_EventName>
	</row>
</result>