<?xml version="1.0" encoding="utf-8" ?>
<result>
	<row>
		<name>RenamedDash1</name>
		<id>1</id>
		<widgets>
			<row>
				<module>Live</module>
				<action>widget</action>
			</row>
			<row>
				<module>CoreHome</module>
				<action>getPromoVideo</action>
			</row>
			<row>
				<module>VisitsSummary</module>
				<action>getEvolutionGraph</action>
			</row>
			<row>
				<module>ProfessionalServices</module>
				<action>promoServices</action>
			</row>
			<row>
				<module>Insights</module>
				<action>getOverallMoversAndShakers</action>
			</row>
			<row>
				<module>VisitsSummary</module>
				<action>get</action>
			</row>
			<row>
				<module>Tour</module>
				<action>getEngagement</action>
			</row>
			<row>
				<module>UserCountryMap</module>
				<action>visitorMap</action>
			</row>
			<row>
				<module>Referrers</module>
				<action>getReferrerType</action>
			</row>
			<row>
				<module>RssWidget</module>
				<action>rssPiwik</action>
			</row>
		</widgets>
	</row>
	<row>
		<name>Dashboard2</name>
		<id>2</id>
		<widgets>
			<row>
				<module>Live</module>
				<action>widget</action>
			</row>
			<row>
				<module>CoreHome</module>
				<action>getPromoVideo</action>
			</row>
			<row>
				<module>VisitsSummary</module>
				<action>getEvolutionGraph</action>
			</row>
			<row>
				<module>ProfessionalServices</module>
				<action>promoServices</action>
			</row>
			<row>
				<module>Insights</module>
				<action>getOverallMoversAndShakers</action>
			</row>
			<row>
				<module>VisitsSummary</module>
				<action>get</action>
			</row>
			<row>
				<module>Tour</module>
				<action>getEngagement</action>
			</row>
			<row>
				<module>UserCountryMap</module>
				<action>visitorMap</action>
			</row>
			<row>
				<module>Referrers</module>
				<action>getReferrerType</action>
			</row>
			<row>
				<module>RssWidget</module>
				<action>rssPiwik</action>
			</row>
		</widgets>
	</row>
	<row>
		<name>RenamedDash3</name>
		<id>3</id>
		<widgets>
			<row>
				<module>Live</module>
				<action>widget</action>
			</row>
			<row>
				<module>CoreHome</module>
				<action>getPromoVideo</action>
			</row>
			<row>
				<module>VisitsSummary</module>
				<action>getEvolutionGraph</action>
			</row>
			<row>
				<module>ProfessionalServices</module>
				<action>promoServices</action>
			</row>
			<row>
				<module>Insights</module>
				<action>getOverallMoversAndShakers</action>
			</row>
			<row>
				<module>VisitsSummary</module>
				<action>get</action>
			</row>
			<row>
				<module>Tour</module>
				<action>getEngagement</action>
			</row>
			<row>
				<module>UserCountryMap</module>
				<action>visitorMap</action>
			</row>
			<row>
				<module>Referrers</module>
				<action>getReferrerType</action>
			</row>
			<row>
				<module>RssWidget</module>
				<action>rssPiwik</action>
			</row>
		</widgets>
	</row>
</result>